<html>
<body>
<pre>
<h1>µVision Build Log</h1>
<h2>Project:</h2>
C:\Users\kammouns\Documents\Porting\STM32F303xE\Firmware\Projects\STM32303E_EVAL\Examples\COMP\COMP_OutputBlanking\MDK-ARM\Project.uvproj
Project File Date:  08/29/2014

<h2>Output:</h2>
Build target 'STM32303E_EVAL'
linking...
Program Size: Code=5636 RO-data=536 RW-data=96 ZI-data=1128  
"STM32303E_EVAL\STM32303E_EVAL.axf" - 0 Error(s), 0 Warning(s).
Load "STM32303E_EVAL\\STM32303E_EVAL.axf" 
Erase Done.
Programming Done.
Verify OK.
